MO LCDI NULL LCDI.v vlg44/_l_c_d_i.bin 1447976426
MO RamController NULL RamController.v vlg68/_ram_controller.bin 1447976426
MO DeBouncer NULL DeBouncer.v vlg43/_de_bouncer.bin 1447976427
MO I2CSlave NULL I2CSlave.v vlg01/_i2_c_slave.bin 1447976426
MO Filter NULL Filter.v vlg52/_filter.bin 1447976426
MO RAM NULL RAM.v vlg14/_r_a_m.bin 1447976426
MO topSlave NULL topSlave.v vlg06/top_slave.bin 1447976427
