Release 14.7 - xst P.20131013 (nt64)
Copyright (c) 1995-2013 Xilinx, Inc.  All rights reserved.
--> Parameter TMPDIR set to xst/projnav.tmp


Total REAL time to Xst completion: 0.00 secs
Total CPU time to Xst completion: 0.21 secs
 
--> Parameter xsthdpdir set to xst


Total REAL time to Xst completion: 0.00 secs
Total CPU time to Xst completion: 0.21 secs
 
--> Reading design: TOP.prj

TABLE OF CONTENTS
  1) Synthesis Options Summary
  2) HDL Compilation
  3) Design Hierarchy Analysis
  4) HDL Analysis
  5) HDL Synthesis
     5.1) HDL Synthesis Report
  6) Advanced HDL Synthesis
     6.1) Advanced HDL Synthesis Report
  7) Low Level Synthesis
  8) Partition Report
  9) Final Report
	9.1) Device utilization summary
	9.2) Partition Resource Summary
	9.3) TIMING REPORT


=========================================================================
*                      Synthesis Options Summary                        *
=========================================================================
---- Source Parameters
Input File Name                    : "TOP.prj"
Input Format                       : mixed
Ignore Synthesis Constraint File   : NO

---- Target Parameters
Output File Name                   : "TOP"
Output Format                      : NGC
Target Device                      : xc3s500e-4-fg320

---- Source Options
Top Module Name                    : TOP
Automatic FSM Extraction           : YES
FSM Encoding Algorithm             : Auto
Safe Implementation                : No
FSM Style                          : LUT
RAM Extraction                     : Yes
RAM Style                          : Auto
ROM Extraction                     : Yes
Mux Style                          : Auto
Decoder Extraction                 : YES
Priority Encoder Extraction        : Yes
Shift Register Extraction          : YES
Logical Shifter Extraction         : YES
XOR Collapsing                     : YES
ROM Style                          : Auto
Mux Extraction                     : Yes
Resource Sharing                   : YES
Asynchronous To Synchronous        : NO
Multiplier Style                   : Auto
Automatic Register Balancing       : No

---- Target Options
Add IO Buffers                     : YES
Global Maximum Fanout              : 100000
Add Generic Clock Buffer(BUFG)     : 24
Register Duplication               : YES
Slice Packing                      : YES
Optimize Instantiated Primitives   : NO
Use Clock Enable                   : Yes
Use Synchronous Set                : Yes
Use Synchronous Reset              : Yes
Pack IO Registers into IOBs        : Auto
Equivalent register Removal        : YES

---- General Options
Optimization Goal                  : Speed
Optimization Effort                : 1
Keep Hierarchy                     : No
Netlist Hierarchy                  : As_Optimized
RTL Output                         : Yes
Global Optimization                : AllClockNets
Read Cores                         : YES
Write Timing Constraints           : NO
Cross Clock Analysis               : NO
Hierarchy Separator                : /
Bus Delimiter                      : <>
Case Specifier                     : Maintain
Slice Utilization Ratio            : 100
BRAM Utilization Ratio             : 100
Verilog 2001                       : YES
Auto BRAM Packing                  : NO
Slice Utilization Ratio Delta      : 5

=========================================================================


=========================================================================
*                          HDL Compilation                              *
=========================================================================
Compiling verilog file "../lab2/LCDI.v" in library work
Compiling verilog file "../lab2/i2cMaster.v" in library work
Module <LCDI> compiled
WARNING:HDLCompilers:299 - "../lab2/i2cMaster.v" line 61 Too many digits specified in binary constant
WARNING:HDLCompilers:299 - "../lab2/i2cMaster.v" line 62 Too many digits specified in binary constant
WARNING:HDLCompilers:299 - "../lab2/i2cMaster.v" line 63 Too many digits specified in binary constant
Compiling verilog file "../lab2/controller.v" in library work
Module <i2cMaster> compiled
WARNING:HDLCompilers:299 - "../lab2/controller.v" line 157 Too many digits specified in binary constant
Compiling verilog file "../lab2/TOP.v" in library work
Module <controller> compiled
Module <TOP> compiled
WARNING:HDLCompilers:258 - "../lab2/controller.v" line 30 Range on redeclaration of 'WADD' overrides range on output declaration at "../lab2/controller.v" line 12 
No errors in compilation
Analysis of file <"TOP.prj"> succeeded.
 

=========================================================================
*                     Design Hierarchy Analysis                         *
=========================================================================
Analyzing hierarchy for module <TOP> in library <work>.

Analyzing hierarchy for module <i2cMaster> in library <work>.

Analyzing hierarchy for module <controller> in library <work>.

Analyzing hierarchy for module <LCDI> in library <work>.


=========================================================================
*                            HDL Analysis                               *
=========================================================================
Analyzing top module <TOP>.
Module <TOP> is correct for synthesis.
 
Analyzing module <i2cMaster> in library <work>.
Module <i2cMaster> is correct for synthesis.
 
Analyzing module <controller> in library <work>.
Module <controller> is correct for synthesis.
 
Analyzing module <LCDI> in library <work>.
WARNING:Xst:905 - "../lab2/LCDI.v" line 42: One or more signals are missing in the sensitivity list of always block. To enable synthesis of FPGA/CPLD hardware, XST will assume that all necessary signals are present in the sensitivity list. Please note that the result of the synthesis may differ from the initial design specification. The missing signals are:
   <LCDRAM>
Module <LCDI> is correct for synthesis.
 

=========================================================================
*                           HDL Synthesis                               *
=========================================================================

Performing bidirectional port resolution...
INFO:Xst:2679 - Register <state2> in unit <i2cMaster> has a constant value of 0000 during circuit operation. The register is replaced by logic.
INFO:Xst:2679 - Register <state1> in unit <i2cMaster> has a constant value of 0000 during circuit operation. The register is replaced by logic.
INFO:Xst:2679 - Register <counter> in unit <i2cMaster> has a constant value of 0000000000 during circuit operation. The register is replaced by logic.
INFO:Xst:2679 - Register <N_Byte> in unit <controller> has a constant value of 000010 during circuit operation. The register is replaced by logic.
INFO:Xst:2679 - Register <WADD> in unit <controller> has a constant value of 000000 during circuit operation. The register is replaced by logic.
INFO:Xst:2679 - Register <control<0>> in unit <LCDI> has a constant value of 0 during circuit operation. The register is replaced by logic.
INFO:Xst:2679 - Register <R> in unit <LCDI> has a constant value of 1 during circuit operation. The register is replaced by logic.

Synthesizing Unit <i2cMaster>.
    Related source file is "../lab2/i2cMaster.v".
    Register <RRX<1>> equivalent to <RRX<0>> has been removed
    Register <RRX<2>> equivalent to <RRX<0>> has been removed
    Register <RRX<3>> equivalent to <RRX<0>> has been removed
    Register <RRX<4>> equivalent to <RRX<0>> has been removed
    Register <RRX<5>> equivalent to <RRX<0>> has been removed
    Register <RRX<6>> equivalent to <RRX<0>> has been removed
    Register <RRX<7>> equivalent to <RRX<0>> has been removed
INFO:Xst:1799 - State 0010 is never reached in FSM <state>.
INFO:Xst:1799 - State 0011 is never reached in FSM <state>.
INFO:Xst:1799 - State 0100 is never reached in FSM <state>.
INFO:Xst:1799 - State 0101 is never reached in FSM <state>.
INFO:Xst:1799 - State 0110 is never reached in FSM <state>.
INFO:Xst:1799 - State 0111 is never reached in FSM <state>.
INFO:Xst:1799 - State 1000 is never reached in FSM <state>.
INFO:Xst:1799 - State 1001 is never reached in FSM <state>.
INFO:Xst:1799 - State 1010 is never reached in FSM <state>.
INFO:Xst:1799 - State 1011 is never reached in FSM <state>.
INFO:Xst:1799 - State 1100 is never reached in FSM <state>.
INFO:Xst:1799 - State 1101 is never reached in FSM <state>.
    Found finite state machine <FSM_0> for signal <state>.
    -----------------------------------------------------------------------
    | States             | 2                                              |
    | Transitions        | 5                                              |
    | Inputs             | 3                                              |
    | Outputs            | 3                                              |
    | Clock              | clk                       (rising_edge)        |
    | Power Up State     | 0000                                           |
    | Encoding           | automatic                                      |
    | Implementation     | LUT                                            |
    -----------------------------------------------------------------------
    Found 8-bit register for signal <drd>.
    Found 1-bit register for signal <ack_e>.
    Found 1-bit register for signal <done>.
    Found 1-bit tristate buffer for signal <sda>.
    Found 1-bit tristate buffer for signal <scl>.
    Found 4-bit register for signal <led>.
    Found 4-bit register for signal <bc>.
    Found 4-bit subtractor for signal <bc$addsub0000>.
    Found 4-bit comparator greater for signal <bc$cmp_gt0000> created at line 152.
    Found 6-bit register for signal <NB>.
    Found 1-bit register for signal <Q3>.
    Found 8-bit register for signal <R>.
    Found 1-bit register for signal <R_W>.
    Found 1-bit register for signal <RRX<0>>.
    Found 8-bit register for signal <RTX>.
    Found 1-bit register for signal <scl_int>.
    Found 1-bit register for signal <sda_int>.
    Found 6-bit comparator greater for signal <sda_int$cmp_gt0000> created at line 395.
    Found 1-bit register for signal <stretch>.
    Summary:
	inferred   1 Finite State Machine(s).
	inferred  46 D-type flip-flop(s).
	inferred   1 Adder/Subtractor(s).
	inferred   2 Comparator(s).
	inferred   2 Tristate(s).
Unit <i2cMaster> synthesized.


Synthesizing Unit <controller>.
    Related source file is "../lab2/controller.v".
WARNING:Xst:647 - Input <ack_e> is never used. This port will be preserved and left unconnected if it belongs to a top-level block or it belongs to a sub-block and the hierarchy of this sub-block is preserved.
WARNING:Xst:646 - Signal <shift> is assigned but never used. This unconnected signal will be trimmed during the optimization process.
WARNING:Xst:653 - Signal <reset> is used but never assigned. This sourceless signal will be automatically connected to value 0.
WARNING:Xst:646 - Signal <hundreds> is assigned but never used. This unconnected signal will be trimmed during the optimization process.
WARNING:Xst:653 - Signal <device_address> is used but never assigned. This sourceless signal will be automatically connected to value 0011000.
WARNING:Xst:646 - Signal <data<15:13>> is assigned but never used. This unconnected signal will be trimmed during the optimization process.
WARNING:Xst:646 - Signal <data<3:0>> is assigned but never used. This unconnected signal will be trimmed during the optimization process.
WARNING:Xst:653 - Signal <conifg_second_byte> is used but never assigned. This sourceless signal will be automatically connected to value 00000000.
WARNING:Xst:653 - Signal <conifg_first_byte> is used but never assigned. This sourceless signal will be automatically connected to value 00000000.
WARNING:Xst:653 - Signal <Temp_R_add> is used but never assigned. This sourceless signal will be automatically connected to value 00000000.
WARNING:Xst:646 - Signal <T> is assigned but never used. This unconnected signal will be trimmed during the optimization process.
WARNING:Xst:653 - Signal <Conf_R_add> is used but never assigned. This sourceless signal will be automatically connected to value 00000001.
    Found finite state machine <FSM_1> for signal <state>.
    -----------------------------------------------------------------------
    | States             | 13                                             |
    | Transitions        | 21                                             |
    | Inputs             | 3                                              |
    | Outputs            | 7                                              |
    | Clock              | clk                       (rising_edge)        |
    | Power Up State     | 00000000                                       |
    | Encoding           | automatic                                      |
    | Implementation     | LUT                                            |
    -----------------------------------------------------------------------
    Found 8-bit register for signal <DIN>.
    Found 8-bit register for signal <R_Pointer>.
    Found 4-bit register for signal <led1>.
    Found 1-bit register for signal <W>.
    Found 8-bit register for signal <dwr>.
    Found 1-bit register for signal <rw>.
    Found 7-bit register for signal <dev_add>.
    Found 4-bit adder for signal <$add0000> created at line 54.
    Found 4-bit adder for signal <$add0001> created at line 54.
    Found 4-bit adder for signal <$add0002> created at line 54.
    Found 4-bit adder for signal <$add0003> created at line 54.
    Found 4-bit adder for signal <$add0004> created at line 57.
    Found 4-bit adder for signal <$add0005> created at line 54.
    Found 4-bit adder for signal <$add0006> created at line 57.
    Found 4-bit comparator greatequal for signal <shift$cmp_ge0000> created at line 53.
    Found 4-bit comparator greatequal for signal <shift$cmp_ge0001> created at line 56.
    Found 4-bit comparator greatequal for signal <shift$cmp_ge0002> created at line 53.
    Found 4-bit comparator greatequal for signal <shift$cmp_ge0003> created at line 56.
    Found 4-bit comparator greatequal for signal <shift$cmp_ge0004> created at line 53.
    Found 4-bit comparator greatequal for signal <shift$cmp_ge0005> created at line 53.
    Found 4-bit comparator greatequal for signal <shift$cmp_ge0006> created at line 53.
    Summary:
	inferred   1 Finite State Machine(s).
	inferred  37 D-type flip-flop(s).
	inferred   7 Adder/Subtractor(s).
	inferred   7 Comparator(s).
Unit <controller> synthesized.


Synthesizing Unit <LCDI>.
    Related source file is "../lab2/LCDI.v".
    Found 32x8-bit dual-port RAM <Mram_LCDRAM> for signal <LCDRAM>.
    Found finite state machine <FSM_2> for signal <state>.
    -----------------------------------------------------------------------
    | States             | 44                                             |
    | Transitions        | 87                                             |
    | Inputs             | 8                                              |
    | Outputs            | 44                                             |
    | Clock              | clk                       (rising_edge)        |
    | Power Up State     | 000000                                         |
    | Encoding           | automatic                                      |
    | Implementation     | LUT                                            |
    -----------------------------------------------------------------------
    Found 2-bit register for signal <control<2:1>>.
    Found 4-bit register for signal <dataout>.
    Found 5-bit register for signal <add>.
    Found 5-bit adder for signal <add$addsub0000> created at line 137.
    Found 26-bit register for signal <delay>.
    Found 26-bit subtractor for signal <delay$share0000> created at line 47.
    Found 8-bit register for signal <DR>.
    Found 3-bit register for signal <sel>.
    Found 3-bit subtractor for signal <sel$addsub0000> created at line 93.
    Summary:
	inferred   1 Finite State Machine(s).
	inferred   1 RAM(s).
	inferred  48 D-type flip-flop(s).
	inferred   3 Adder/Subtractor(s).
Unit <LCDI> synthesized.


Synthesizing Unit <TOP>.
    Related source file is "../lab2/TOP.v".
Unit <TOP> synthesized.

INFO:Xst:1767 - HDL ADVISOR - Resource sharing has identified that some arithmetic operations in this design can share the same physical resources for reduced device utilization. For improved clock frequency you may try to disable resource sharing.

=========================================================================
HDL Synthesis Report

Macro Statistics
# RAMs                                                 : 1
 32x8-bit dual-port RAM                                : 1
# Adders/Subtractors                                   : 11
 26-bit subtractor                                     : 1
 3-bit subtractor                                      : 1
 4-bit adder                                           : 7
 4-bit subtractor                                      : 1
 5-bit adder                                           : 1
# Registers                                            : 28
 1-bit register                                        : 13
 26-bit register                                       : 1
 3-bit register                                        : 1
 4-bit register                                        : 3
 5-bit register                                        : 1
 6-bit register                                        : 1
 7-bit register                                        : 1
 8-bit register                                        : 7
# Comparators                                          : 9
 4-bit comparator greatequal                           : 7
 4-bit comparator greater                              : 1
 6-bit comparator greater                              : 1
# Tristates                                            : 2
 1-bit tristate buffer                                 : 2

=========================================================================

=========================================================================
*                       Advanced HDL Synthesis                          *
=========================================================================

Analyzing FSM <FSM_2> for best encoding.
Optimizing FSM <display/state/FSM> on signal <state[1:44]> with one-hot encoding.
--------------------------------------------------------
 State  | Encoding
--------------------------------------------------------
 000000 | 00000000000000000000000000000000000000000001
 000001 | 00000000000000000000000000000000000000000010
 000010 | 00000000000000000000000000000000000000000100
 000011 | 00000000000000000000000000000000000000001000
 000100 | 00000000000000000000000000000000000000010000
 000101 | 00000000000000000000000000000000000000100000
 000110 | 00000000000000000000000000000000000001000000
 000111 | 00000000000000000000000000000000000010000000
 001000 | 00000000000000000000000000000000000100000000
 001001 | 00000000000000000000000000000000001000000000
 001010 | 00000000000000000000000000000000010000000000
 001011 | 00000000000000000000000000000001000000000000
 001100 | 00000000000000000000000000000010000000000000
 001101 | 00000000000000000000000000000100000000000000
 001110 | 00000000000000000000000000001000000000000000
 001111 | 00000000000000000000000000010000000000000000
 010000 | 00000000000000000000000000100000000000000000
 010001 | 00000000000000000000000001000000000000000000
 010010 | 00000000000000000000000010000000000000000000
 010011 | 00000000000000000000000100000000000000000000
 010100 | 00000000000000000000000000000000100000000000
 010101 | 00000000000000000000001000000000000000000000
 010110 | 00000000000000000000010000000000000000000000
 010111 | 00000000000000000000100000000000000000000000
 011000 | 00000000000000000001000000000000000000000000
 011001 | 00000000000000000010000000000000000000000000
 011010 | 00000000000000000100000000000000000000000000
 011011 | 00000000000000001000000000000000000000000000
 011100 | 00000000000000010000000000000000000000000000
 011101 | 00000000000000100000000000000000000000000000
 011110 | 00000000000001000000000000000000000000000000
 011111 | 00000000000010000000000000000000000000000000
 100000 | 00000000000100000000000000000000000000000000
 100001 | 00000000001000000000000000000000000000000000
 100010 | 00000000010000000000000000000000000000000000
 100011 | 00000000100000000000000000000000000000000000
 100100 | 00000001000000000000000000000000000000000000
 100101 | 00000010000000000000000000000000000000000000
 100110 | 00000100000000000000000000000000000000000000
 100111 | 00001000000000000000000000000000000000000000
 101000 | 00010000000000000000000000000000000000000000
 101001 | 00100000000000000000000000000000000000000000
 101010 | 01000000000000000000000000000000000000000000
 101011 | 10000000000000000000000000000000000000000000
--------------------------------------------------------
Analyzing FSM <FSM_1> for best encoding.
Optimizing FSM <Control/state/FSM> on signal <state[1:13]> with one-hot encoding.
---------------------------
 State    | Encoding
---------------------------
 00000000 | 0000000000001
 00000001 | 0000000000010
 00000010 | 0000000000100
 00000011 | 0000000001000
 00000100 | 0000000010000
 00000101 | 0000000100000
 00000110 | 0000001000000
 00000111 | 0000010000000
 00001000 | 0000100000000
 00001001 | 0001000000000
 00001010 | 0010000000000
 00001011 | 0100000000000
 00001100 | 1000000000000
---------------------------
Analyzing FSM <FSM_0> for best encoding.
Optimizing FSM <I2c/state/FSM> on signal <state[1:1]> with sequential encoding.
-------------------
 State | Encoding
-------------------
 0000  | 0
 0001  | 1
 0010  | unreached
 0011  | unreached
 0100  | unreached
 0101  | unreached
 0110  | unreached
 0111  | unreached
 1000  | unreached
 1001  | unreached
 1010  | unreached
 1011  | unreached
 1100  | unreached
 1101  | unreached
-------------------
WARNING:Xst:1426 - The value init of the FF/Latch W hinder the constant cleaning in the block Control.
   You should achieve better results by setting this init to 1.
WARNING:Xst:1293 - FF/Latch <W> has a constant value of 0 in block <Control>. This FF/Latch will be trimmed during the optimization process.
WARNING:Xst:1293 - FF/Latch <led1_3> has a constant value of 0 in block <Control>. This FF/Latch will be trimmed during the optimization process.
WARNING:Xst:1293 - FF/Latch <led1_2> has a constant value of 0 in block <Control>. This FF/Latch will be trimmed during the optimization process.
WARNING:Xst:1710 - FF/Latch <DIN_0> (without init value) has a constant value of 0 in block <Control>. This FF/Latch will be trimmed during the optimization process.
WARNING:Xst:1710 - FF/Latch <DIN_1> (without init value) has a constant value of 0 in block <Control>. This FF/Latch will be trimmed during the optimization process.
WARNING:Xst:1710 - FF/Latch <DIN_2> (without init value) has a constant value of 0 in block <Control>. This FF/Latch will be trimmed during the optimization process.
WARNING:Xst:1710 - FF/Latch <DIN_3> (without init value) has a constant value of 0 in block <Control>. This FF/Latch will be trimmed during the optimization process.
WARNING:Xst:1710 - FF/Latch <DIN_4> (without init value) has a constant value of 0 in block <Control>. This FF/Latch will be trimmed during the optimization process.
WARNING:Xst:1710 - FF/Latch <DIN_5> (without init value) has a constant value of 0 in block <Control>. This FF/Latch will be trimmed during the optimization process.
WARNING:Xst:1710 - FF/Latch <DIN_6> (without init value) has a constant value of 0 in block <Control>. This FF/Latch will be trimmed during the optimization process.
WARNING:Xst:1710 - FF/Latch <DIN_7> (without init value) has a constant value of 0 in block <Control>. This FF/Latch will be trimmed during the optimization process.
WARNING:Xst:1293 - FF/Latch <FFd8> has a constant value of 0 in block <FSM>. This FF/Latch will be trimmed during the optimization process.
WARNING:Xst:1293 - FF/Latch <FFd7> has a constant value of 0 in block <FSM>. This FF/Latch will be trimmed during the optimization process.
WARNING:Xst:1293 - FF/Latch <FFd6> has a constant value of 0 in block <FSM>. This FF/Latch will be trimmed during the optimization process.
WARNING:Xst:1293 - FF/Latch <FFd2> has a constant value of 0 in block <FSM>. This FF/Latch will be trimmed during the optimization process.
WARNING:Xst:1293 - FF/Latch <FFd1> has a constant value of 0 in block <FSM>. This FF/Latch will be trimmed during the optimization process.
WARNING:Xst:1293 - FF/Latch <FFd3> has a constant value of 0 in block <FSM>. This FF/Latch will be trimmed during the optimization process.
WARNING:Xst:1710 - FF/Latch <drd_7> (without init value) has a constant value of 0 in block <I2c>. This FF/Latch will be trimmed during the optimization process.
WARNING:Xst:1710 - FF/Latch <drd_6> (without init value) has a constant value of 0 in block <I2c>. This FF/Latch will be trimmed during the optimization process.
WARNING:Xst:1710 - FF/Latch <drd_5> (without init value) has a constant value of 0 in block <I2c>. This FF/Latch will be trimmed during the optimization process.
WARNING:Xst:1710 - FF/Latch <drd_4> (without init value) has a constant value of 0 in block <I2c>. This FF/Latch will be trimmed during the optimization process.
WARNING:Xst:1710 - FF/Latch <drd_3> (without init value) has a constant value of 0 in block <I2c>. This FF/Latch will be trimmed during the optimization process.
WARNING:Xst:1710 - FF/Latch <drd_2> (without init value) has a constant value of 0 in block <I2c>. This FF/Latch will be trimmed during the optimization process.
WARNING:Xst:1710 - FF/Latch <drd_1> (without init value) has a constant value of 0 in block <I2c>. This FF/Latch will be trimmed during the optimization process.
WARNING:Xst:1710 - FF/Latch <drd_0> (without init value) has a constant value of 0 in block <I2c>. This FF/Latch will be trimmed during the optimization process.

Synthesizing (advanced) Unit <LCDI>.
INFO:Xst:3231 - The small RAM <Mram_LCDRAM> will be implemented on LUTs in order to maximize performance and save block RAM resources. If you want to force its implementation on block, use option/constraint ram_style.
    -----------------------------------------------------------------------
    | ram_type           | Distributed                         |          |
    -----------------------------------------------------------------------
    | Port A                                                              |
    |     aspect ratio   | 32-word x 8-bit                     |          |
    |     clkA           | connected to signal <clk>           | rise     |
    |     weA            | connected to signal <W>             | high     |
    |     addrA          | connected to signal <WADD>          |          |
    |     diA            | connected to signal <DIN>           |          |
    -----------------------------------------------------------------------
    | Port B                                                              |
    |     aspect ratio   | 32-word x 8-bit                     |          |
    |     addrB          | connected to signal <add>           |          |
    |     doB            | connected to signal <datain>        |          |
    -----------------------------------------------------------------------
Unit <LCDI> synthesized (advanced).

=========================================================================
Advanced HDL Synthesis Report

Macro Statistics
# FSMs                                                 : 3
# RAMs                                                 : 1
 32x8-bit dual-port distributed RAM                    : 1
# Adders/Subtractors                                   : 10
 26-bit subtractor                                     : 1
 3-bit adder                                           : 2
 3-bit subtractor                                      : 1
 4-bit adder                                           : 5
 5-bit adder                                           : 1
# Registers                                            : 101
 Flip-Flops                                            : 101
# Comparators                                          : 7
 4-bit comparator greatequal                           : 7

=========================================================================

=========================================================================
*                         Low Level Synthesis                           *
=========================================================================
WARNING:Xst:1710 - FF/Latch <drd_0> (without init value) has a constant value of 0 in block <i2cMaster>. This FF/Latch will be trimmed during the optimization process.
WARNING:Xst:1895 - Due to other FF/Latch trimming, FF/Latch <drd_1> (without init value) has a constant value of 0 in block <i2cMaster>. This FF/Latch will be trimmed during the optimization process.
WARNING:Xst:1895 - Due to other FF/Latch trimming, FF/Latch <drd_2> (without init value) has a constant value of 0 in block <i2cMaster>. This FF/Latch will be trimmed during the optimization process.
WARNING:Xst:1895 - Due to other FF/Latch trimming, FF/Latch <drd_3> (without init value) has a constant value of 0 in block <i2cMaster>. This FF/Latch will be trimmed during the optimization process.
WARNING:Xst:1895 - Due to other FF/Latch trimming, FF/Latch <drd_4> (without init value) has a constant value of 0 in block <i2cMaster>. This FF/Latch will be trimmed during the optimization process.
WARNING:Xst:1895 - Due to other FF/Latch trimming, FF/Latch <drd_5> (without init value) has a constant value of 0 in block <i2cMaster>. This FF/Latch will be trimmed during the optimization process.
WARNING:Xst:1895 - Due to other FF/Latch trimming, FF/Latch <drd_6> (without init value) has a constant value of 0 in block <i2cMaster>. This FF/Latch will be trimmed during the optimization process.
WARNING:Xst:1895 - Due to other FF/Latch trimming, FF/Latch <drd_7> (without init value) has a constant value of 0 in block <i2cMaster>. This FF/Latch will be trimmed during the optimization process.
WARNING:Xst:1426 - The value init of the FF/Latch W hinder the constant cleaning in the block controller.
   You should achieve better results by setting this init to 1.
WARNING:Xst:1293 - FF/Latch <led1_2> has a constant value of 0 in block <controller>. This FF/Latch will be trimmed during the optimization process.
WARNING:Xst:1896 - Due to other FF/Latch trimming, FF/Latch <led1_3> has a constant value of 0 in block <controller>. This FF/Latch will be trimmed during the optimization process.
WARNING:Xst:1896 - Due to other FF/Latch trimming, FF/Latch <R_Pointer_1> has a constant value of 0 in block <controller>. This FF/Latch will be trimmed during the optimization process.
WARNING:Xst:1896 - Due to other FF/Latch trimming, FF/Latch <R_Pointer_3> has a constant value of 0 in block <controller>. This FF/Latch will be trimmed during the optimization process.
WARNING:Xst:1896 - Due to other FF/Latch trimming, FF/Latch <R_Pointer_4> has a constant value of 0 in block <controller>. This FF/Latch will be trimmed during the optimization process.
WARNING:Xst:1896 - Due to other FF/Latch trimming, FF/Latch <R_Pointer_5> has a constant value of 0 in block <controller>. This FF/Latch will be trimmed during the optimization process.
WARNING:Xst:1896 - Due to other FF/Latch trimming, FF/Latch <R_Pointer_6> has a constant value of 0 in block <controller>. This FF/Latch will be trimmed during the optimization process.
WARNING:Xst:1896 - Due to other FF/Latch trimming, FF/Latch <R_Pointer_7> has a constant value of 0 in block <controller>. This FF/Latch will be trimmed during the optimization process.
WARNING:Xst:1710 - FF/Latch <led_0> (without init value) has a constant value of 1 in block <i2cMaster>. This FF/Latch will be trimmed during the optimization process.
WARNING:Xst:1895 - Due to other FF/Latch trimming, FF/Latch <ack_e> (without init value) has a constant value of 0 in block <i2cMaster>. This FF/Latch will be trimmed during the optimization process.
INFO:Xst:2261 - The FF/Latch <led_1> in Unit <i2cMaster> is equivalent to the following FF/Latch, which will be removed : <led_2> 
WARNING:Xst:1710 - FF/Latch <dwr_0> (without init value) has a constant value of 0 in block <controller>. This FF/Latch will be trimmed during the optimization process.
WARNING:Xst:1895 - Due to other FF/Latch trimming, FF/Latch <dwr_1> (without init value) has a constant value of 0 in block <controller>. This FF/Latch will be trimmed during the optimization process.
WARNING:Xst:1895 - Due to other FF/Latch trimming, FF/Latch <dwr_2> (without init value) has a constant value of 0 in block <controller>. This FF/Latch will be trimmed during the optimization process.
WARNING:Xst:1895 - Due to other FF/Latch trimming, FF/Latch <dwr_3> (without init value) has a constant value of 0 in block <controller>. This FF/Latch will be trimmed during the optimization process.
WARNING:Xst:1895 - Due to other FF/Latch trimming, FF/Latch <dwr_4> (without init value) has a constant value of 0 in block <controller>. This FF/Latch will be trimmed during the optimization process.
WARNING:Xst:1895 - Due to other FF/Latch trimming, FF/Latch <dwr_5> (without init value) has a constant value of 0 in block <controller>. This FF/Latch will be trimmed during the optimization process.
WARNING:Xst:1895 - Due to other FF/Latch trimming, FF/Latch <dwr_6> (without init value) has a constant value of 0 in block <controller>. This FF/Latch will be trimmed during the optimization process.
WARNING:Xst:1895 - Due to other FF/Latch trimming, FF/Latch <dwr_7> (without init value) has a constant value of 0 in block <controller>. This FF/Latch will be trimmed during the optimization process.
WARNING:Xst:1895 - Due to other FF/Latch trimming, FF/Latch <dev_add_0> (without init value) has a constant value of 0 in block <controller>. This FF/Latch will be trimmed during the optimization process.
WARNING:Xst:1895 - Due to other FF/Latch trimming, FF/Latch <dev_add_1> (without init value) has a constant value of 0 in block <controller>. This FF/Latch will be trimmed during the optimization process.
WARNING:Xst:1895 - Due to other FF/Latch trimming, FF/Latch <dev_add_2> (without init value) has a constant value of 0 in block <controller>. This FF/Latch will be trimmed during the optimization process.
WARNING:Xst:1895 - Due to other FF/Latch trimming, FF/Latch <dev_add_5> (without init value) has a constant value of 0 in block <controller>. This FF/Latch will be trimmed during the optimization process.
WARNING:Xst:1895 - Due to other FF/Latch trimming, FF/Latch <dev_add_6> (without init value) has a constant value of 0 in block <controller>. This FF/Latch will be trimmed during the optimization process.

Optimizing unit <TOP> ...
WARNING:Xst:1293 - FF/Latch <I2c/scl_int> has a constant value of 1 in block <TOP>. This FF/Latch will be trimmed during the optimization process.
WARNING:Xst:1293 - FF/Latch <I2c/scl_int> has a constant value of 1 in block <TOP>. This FF/Latch will be trimmed during the optimization process.
WARNING:Xst:1293 - FF/Latch <I2c/scl_int> has a constant value of 1 in block <TOP>. This FF/Latch will be trimmed during the optimization process.
WARNING:Xst:1293 - FF/Latch <I2c/scl_int> has a constant value of 1 in block <TOP>. This FF/Latch will be trimmed during the optimization process.

Optimizing unit <controller> ...
WARNING:Xst:1710 - FF/Latch <dev_add_3> (without init value) has a constant value of 1 in block <controller>. This FF/Latch will be trimmed during the optimization process.
WARNING:Xst:1895 - Due to other FF/Latch trimming, FF/Latch <dev_add_4> (without init value) has a constant value of 1 in block <controller>. This FF/Latch will be trimmed during the optimization process.
WARNING:Xst:1710 - FF/Latch <dev_add_3> (without init value) has a constant value of 1 in block <controller>. This FF/Latch will be trimmed during the optimization process.
WARNING:Xst:1895 - Due to other FF/Latch trimming, FF/Latch <dev_add_4> (without init value) has a constant value of 1 in block <controller>. This FF/Latch will be trimmed during the optimization process.
WARNING:Xst:1710 - FF/Latch <dev_add_3> (without init value) has a constant value of 1 in block <controller>. This FF/Latch will be trimmed during the optimization process.
WARNING:Xst:1895 - Due to other FF/Latch trimming, FF/Latch <dev_add_4> (without init value) has a constant value of 1 in block <controller>. This FF/Latch will be trimmed during the optimization process.
WARNING:Xst:1710 - FF/Latch <dev_add_3> (without init value) has a constant value of 1 in block <controller>. This FF/Latch will be trimmed during the optimization process.
WARNING:Xst:1895 - Due to other FF/Latch trimming, FF/Latch <dev_add_4> (without init value) has a constant value of 1 in block <controller>. This FF/Latch will be trimmed during the optimization process.

Optimizing unit <LCDI> ...
WARNING:Xst:1293 - FF/Latch <Control/state_FSM_FFd1> has a constant value of 0 in block <TOP>. This FF/Latch will be trimmed during the optimization process.
WARNING:Xst:1896 - Due to other FF/Latch trimming, FF/Latch <Control/state_FSM_FFd2> has a constant value of 0 in block <TOP>. This FF/Latch will be trimmed during the optimization process.
WARNING:Xst:1896 - Due to other FF/Latch trimming, FF/Latch <Control/state_FSM_FFd3> has a constant value of 0 in block <TOP>. This FF/Latch will be trimmed during the optimization process.
WARNING:Xst:1896 - Due to other FF/Latch trimming, FF/Latch <Control/state_FSM_FFd4> has a constant value of 0 in block <TOP>. This FF/Latch will be trimmed during the optimization process.
WARNING:Xst:1896 - Due to other FF/Latch trimming, FF/Latch <Control/state_FSM_FFd7> has a constant value of 0 in block <TOP>. This FF/Latch will be trimmed during the optimization process.
WARNING:Xst:1896 - Due to other FF/Latch trimming, FF/Latch <Control/state_FSM_FFd5> has a constant value of 0 in block <TOP>. This FF/Latch will be trimmed during the optimization process.
WARNING:Xst:1896 - Due to other FF/Latch trimming, FF/Latch <Control/state_FSM_FFd6> has a constant value of 0 in block <TOP>. This FF/Latch will be trimmed during the optimization process.
WARNING:Xst:1896 - Due to other FF/Latch trimming, FF/Latch <Control/state_FSM_FFd10> has a constant value of 0 in block <TOP>. This FF/Latch will be trimmed during the optimization process.
WARNING:Xst:1896 - Due to other FF/Latch trimming, FF/Latch <Control/state_FSM_FFd8> has a constant value of 0 in block <TOP>. This FF/Latch will be trimmed during the optimization process.
WARNING:Xst:1896 - Due to other FF/Latch trimming, FF/Latch <Control/state_FSM_FFd9> has a constant value of 0 in block <TOP>. This FF/Latch will be trimmed during the optimization process.
WARNING:Xst:1895 - Due to other FF/Latch trimming, FF/Latch <Control/DIN_0> (without init value) has a constant value of 0 in block <TOP>. This FF/Latch will be trimmed during the optimization process.
WARNING:Xst:1895 - Due to other FF/Latch trimming, FF/Latch <Control/DIN_1> (without init value) has a constant value of 0 in block <TOP>. This FF/Latch will be trimmed during the optimization process.
WARNING:Xst:1895 - Due to other FF/Latch trimming, FF/Latch <Control/DIN_2> (without init value) has a constant value of 0 in block <TOP>. This FF/Latch will be trimmed during the optimization process.
WARNING:Xst:1895 - Due to other FF/Latch trimming, FF/Latch <Control/DIN_3> (without init value) has a constant value of 0 in block <TOP>. This FF/Latch will be trimmed during the optimization process.
WARNING:Xst:1895 - Due to other FF/Latch trimming, FF/Latch <Control/DIN_4> (without init value) has a constant value of 0 in block <TOP>. This FF/Latch will be trimmed during the optimization process.
WARNING:Xst:1895 - Due to other FF/Latch trimming, FF/Latch <Control/DIN_5> (without init value) has a constant value of 0 in block <TOP>. This FF/Latch will be trimmed during the optimization process.
WARNING:Xst:1895 - Due to other FF/Latch trimming, FF/Latch <Control/DIN_6> (without init value) has a constant value of 0 in block <TOP>. This FF/Latch will be trimmed during the optimization process.
WARNING:Xst:1895 - Due to other FF/Latch trimming, FF/Latch <Control/DIN_7> (without init value) has a constant value of 0 in block <TOP>. This FF/Latch will be trimmed during the optimization process.
WARNING:Xst:1896 - Due to other FF/Latch trimming, FF/Latch <Control/W> has a constant value of 0 in block <TOP>. This FF/Latch will be trimmed during the optimization process.
WARNING:Xst:2677 - Node <Control/R_Pointer_2> of sequential type is unconnected in block <TOP>.
WARNING:Xst:2677 - Node <Control/R_Pointer_0> of sequential type is unconnected in block <TOP>.
WARNING:Xst:2677 - Node <Control/rw> of sequential type is unconnected in block <TOP>.
INFO:Xst:2399 - RAMs <display/Mram_LCDRAM16>, <display/Mram_LCDRAM15> are equivalent, second RAM is removed
INFO:Xst:2399 - RAMs <display/Mram_LCDRAM16>, <display/Mram_LCDRAM14> are equivalent, second RAM is removed
INFO:Xst:2399 - RAMs <display/Mram_LCDRAM16>, <display/Mram_LCDRAM13> are equivalent, second RAM is removed
INFO:Xst:2399 - RAMs <display/Mram_LCDRAM16>, <display/Mram_LCDRAM12> are equivalent, second RAM is removed
INFO:Xst:2399 - RAMs <display/Mram_LCDRAM16>, <display/Mram_LCDRAM11> are equivalent, second RAM is removed
INFO:Xst:2399 - RAMs <display/Mram_LCDRAM16>, <display/Mram_LCDRAM9> are equivalent, second RAM is removed
INFO:Xst:2399 - RAMs <display/Mram_LCDRAM16>, <display/Mram_LCDRAM8> are equivalent, second RAM is removed
INFO:Xst:2399 - RAMs <display/Mram_LCDRAM16>, <display/Mram_LCDRAM10> are equivalent, second RAM is removed
INFO:Xst:2399 - RAMs <display/Mram_LCDRAM16>, <display/Mram_LCDRAM7> are equivalent, second RAM is removed
INFO:Xst:2399 - RAMs <display/Mram_LCDRAM16>, <display/Mram_LCDRAM6> are equivalent, second RAM is removed
INFO:Xst:2399 - RAMs <display/Mram_LCDRAM16>, <display/Mram_LCDRAM5> are equivalent, second RAM is removed
INFO:Xst:2399 - RAMs <display/Mram_LCDRAM16>, <display/Mram_LCDRAM4> are equivalent, second RAM is removed
INFO:Xst:2399 - RAMs <display/Mram_LCDRAM16>, <display/Mram_LCDRAM3> are equivalent, second RAM is removed
INFO:Xst:2399 - RAMs <display/Mram_LCDRAM2>, <display/Mram_LCDRAM1> are equivalent, second RAM is removed

Mapping all equations...
Building and optimizing final netlist ...
Found area constraint ratio of 100 (+ 5) on block TOP, actual ratio is 2.

Final Macro Processing ...

=========================================================================
Final Register Report

Macro Statistics
# Registers                                            : 102
 Flip-Flops                                            : 102

=========================================================================

=========================================================================
*                           Partition Report                            *
=========================================================================

Partition Implementation Status
-------------------------------

  No Partitions were found in this design.

-------------------------------

=========================================================================
*                            Final Report                               *
=========================================================================
Final Results
RTL Top Level Output File Name     : TOP.ngr
Top Level Output File Name         : TOP
Output Format                      : NGC
Optimization Goal                  : Speed
Keep Hierarchy                     : No

Design Statistics
# IOs                              : 19

Cell Usage :
# BELS                             : 296
#      GND                         : 1
#      INV                         : 25
#      LUT1                        : 1
#      LUT2                        : 23
#      LUT2_D                      : 2
#      LUT2_L                      : 1
#      LUT3                        : 39
#      LUT3_D                      : 5
#      LUT3_L                      : 6
#      LUT4                        : 99
#      LUT4_D                      : 9
#      LUT4_L                      : 18
#      MUXCY                       : 32
#      MUXF5                       : 8
#      VCC                         : 1
#      XORCY                       : 26
# FlipFlops/Latches                : 102
#      FD                          : 31
#      FDE                         : 28
#      FDR                         : 3
#      FDRS                        : 1
#      FDS                         : 33
#      FDSE                        : 6
# RAMS                             : 2
#      RAM16X1D                    : 2
# Clock Buffers                    : 1
#      BUFGP                       : 1
# IO Buffers                       : 18
#      IBUF                        : 1
#      IOBUF                       : 2
#      OBUF                        : 15
=========================================================================

Device utilization summary:
---------------------------

Selected Device : 3s500efg320-4 

 Number of Slices:                      125  out of   4656     2%  
 Number of Slice Flip Flops:            102  out of   9312     1%  
 Number of 4 input LUTs:                232  out of   9312     2%  
    Number used as logic:               228
    Number used as RAMs:                  4
 Number of IOs:                          19
 Number of bonded IOBs:                  19  out of    232     8%  
 Number of GCLKs:                         1  out of     24     4%  

---------------------------
Partition Resource Summary:
---------------------------

  No Partitions were found in this design.

---------------------------


=========================================================================
TIMING REPORT

NOTE: THESE TIMING NUMBERS ARE ONLY A SYNTHESIS ESTIMATE.
      FOR ACCURATE TIMING INFORMATION PLEASE REFER TO THE TRACE REPORT
      GENERATED AFTER PLACE-and-ROUTE.

Clock Information:
------------------
-----------------------------------+------------------------+-------+
Clock Signal                       | Clock buffer(FF name)  | Load  |
-----------------------------------+------------------------+-------+
clk                                | BUFGP                  | 104   |
-----------------------------------+------------------------+-------+

Asynchronous Control Signals Information:
----------------------------------------
No asynchronous control signals found in this design

Timing Summary:
---------------
Speed Grade: -4

   Minimum period: 8.686ns (Maximum Frequency: 115.128MHz)
   Minimum input arrival time before clock: 4.197ns
   Maximum output required time after clock: 4.310ns
   Maximum combinational path delay: No path found

Timing Detail:
--------------
All values displayed in nanoseconds (ns)

=========================================================================
Timing constraint: Default period analysis for Clock 'clk'
  Clock period: 8.686ns (frequency: 115.128MHz)
  Total number of paths / destination ports: 6646 / 181
-------------------------------------------------------------------------
Delay:               8.686ns (Levels of Logic = 5)
  Source:            display/state_FSM_FFd26 (FF)
  Destination:       display/delay_19 (FF)
  Source Clock:      clk rising
  Destination Clock: clk rising

  Data Path: display/state_FSM_FFd26 to display/delay_19
                                Gate     Net
    Cell:in->out      fanout   Delay   Delay  Logical Name (Net Name)
    ----------------------------------------  ------------
     FDE:C->Q              3   0.591   0.706  display/state_FSM_FFd26 (display/state_FSM_FFd26)
     LUT4:I0->O            1   0.704   0.455  display/delay_or0004_SW0_SW0 (N65)
     LUT4:I2->O           10   0.704   0.961  display/delay_or0004 (display/delay_or0004)
     LUT4_D:I1->LO         1   0.704   0.104  display/delay_mux0000<21>1 (N164)
     LUT4:I3->O           13   0.704   1.018  display/delay_mux0000<11>21 (display/N291)
     LUT3:I2->O            1   0.704   0.420  display/delay_mux0000<6>_SW0 (N30)
     FDS:S                     0.911          display/delay_19
    ----------------------------------------
    Total                      8.686ns (5.022ns logic, 3.664ns route)
                                       (57.8% logic, 42.2% route)

=========================================================================
Timing constraint: Default OFFSET IN BEFORE for Clock 'clk'
  Total number of paths / destination ports: 13 / 4
-------------------------------------------------------------------------
Offset:              4.197ns (Levels of Logic = 3)
  Source:            scl (PAD)
  Destination:       I2c/done (FF)
  Destination Clock: clk rising

  Data Path: scl to I2c/done
                                Gate     Net
    Cell:in->out      fanout   Delay   Delay  Logical Name (Net Name)
    ----------------------------------------  ------------
     IOBUF:IO->O           5   1.218   0.668  scl_IOBUF (N56)
     LUT3:I2->O            1   0.704   0.595  I2c/done_mux0000_SW0 (N6)
     LUT4:I0->O            1   0.704   0.000  I2c/done_mux0000 (I2c/done_mux0000)
     FD:D                      0.308          I2c/done
    ----------------------------------------
    Total                      4.197ns (2.934ns logic, 1.263ns route)
                                       (69.9% logic, 30.1% route)

=========================================================================
Timing constraint: Default OFFSET OUT AFTER for Clock 'clk'
  Total number of paths / destination ports: 12 / 12
-------------------------------------------------------------------------
Offset:              4.310ns (Levels of Logic = 1)
  Source:            I2c/sda_int (FF)
  Destination:       sda (PAD)
  Source Clock:      clk rising

  Data Path: I2c/sda_int to sda
                                Gate     Net
    Cell:in->out      fanout   Delay   Delay  Logical Name (Net Name)
    ----------------------------------------  ------------
     FDRS:C->Q             2   0.591   0.447  I2c/sda_int (I2c/sda_int)
     IOBUF:T->IO               3.272          sda_IOBUF (sda)
    ----------------------------------------
    Total                      4.310ns (3.863ns logic, 0.447ns route)
                                       (89.6% logic, 10.4% route)

=========================================================================


Total REAL time to Xst completion: 11.00 secs
Total CPU time to Xst completion: 11.46 secs
 
--> 

Total memory usage is 285640 kilobytes

Number of errors   :    0 (   0 filtered)
Number of warnings :  112 (   0 filtered)
Number of infos    :   36 (   0 filtered)

